FFF                                                                      [100%]
=================================== FAILURES ===================================
___________ test_cart_read_exposes_current_stall_trading_state[True] ___________

is_open = True

    @pytest.mark.parametrize('is_open', [True, False])
    def test_cart_read_exposes_current_stall_trading_state(is_open):
        """GIVEN a cart at an open or closed stall WHEN its JSON is read THEN the diner can see trading state before changing or paying."""
        diner = make_diner()
        vendor = make_vendor(is_open=is_open)
        cart = make_cart(diner, vendor, [CartItem(menu_item=make_item(vendor), quantity=1)])
>       assert cart.to_dict()['stall']['id'] == str(vendor.id)
               ^^^^^^^^^^^^^^^^^^^^^^^
E       KeyError: 'stall'

tests/unit/test_cart.py:267: KeyError
__________ test_cart_read_exposes_current_stall_trading_state[False] ___________

is_open = False

    @pytest.mark.parametrize('is_open', [True, False])
    def test_cart_read_exposes_current_stall_trading_state(is_open):
        """GIVEN a cart at an open or closed stall WHEN its JSON is read THEN the diner can see trading state before changing or paying."""
        diner = make_diner()
        vendor = make_vendor(is_open=is_open)
        cart = make_cart(diner, vendor, [CartItem(menu_item=make_item(vendor), quantity=1)])
>       assert cart.to_dict()['stall']['id'] == str(vendor.id)
               ^^^^^^^^^^^^^^^^^^^^^^^
E       KeyError: 'stall'

tests/unit/test_cart.py:267: KeyError
______________________ test_empty_cart_has_no_stall_state ______________________

    def test_empty_cart_has_no_stall_state():
        """GIVEN an empty cart WHEN JSON is read THEN no previous stall state is offered."""
>       assert make_cart(make_diner()).to_dict()['stall'] is None
               ^^^^^^^^^^^^^^^^^^^^^^^^^^^^^^^^^^^^^^^^^^
E       KeyError: 'stall'

tests/unit/test_cart.py:273: KeyError
=========================== short test summary info ============================
FAILED tests/unit/test_cart.py::test_cart_read_exposes_current_stall_trading_state[True]
FAILED tests/unit/test_cart.py::test_cart_read_exposes_current_stall_trading_state[False]
FAILED tests/unit/test_cart.py::test_empty_cart_has_no_stall_state - KeyError...
3 failed, 32 deselected in 0.08s
