Supplementary current-flow check against guarded skipq_system_test; real API/UI.
Seeded database 'skipq_system_test':
  vendors: 2
  users: 6
  menu_items: 5
  carts: 2
  orders: 9
Re-running this script upserts the same records; unrelated data is not deleted. Demo account credentials are documented in README.md.
PASS: seed state located (S1, S2, M1, M2, M5)
PASS: diner login lands on the open-stall list
PASS: seeded sold-out item shows a disabled 'Sold out' control
PASS: polling observes the new sold-out state and toasts it
PASS: menu add increments the existing line (server total $22.00)
PASS: cart decrement returns the total to $15.50
PASS: cart increment updates the server total to $18.00
PASS: cart removal drops the line and the total to $13.00
PASS: checkout shows the server total and an enabled payment action
PASS: a price change under the open checkout page is refused (stale-cart screen)
PASS: refresh-and-retry stores the order with the fresh fingerprint
PASS: the stored order is Pending, Paid, $14.50 with the 2x M1 snapshot
PASS: tracking page shows the queue number and Pending status
PASS: polling picks up Preparing without a manual refresh
PASS: the Ready-for-collection banner appears when tracking observes Ready
PASS: terminal Collected state is shown (polling now stops)
cleanup: OK
Traceback (most recent call last):
  File "/Users/arellakoo/Documents/DevOpsAss/backend/docs/evidence/frontend-quality/flow-diner.py", line 260, in <module>
    expect(diner.locator(".alert-danger", has_text="The same checkout key is retained")).to_be_visible(timeout=10000)
  File "/Users/arellakoo/Documents/DevOpsAss/backend/.venv/lib/python3.12/site-packages/playwright/sync_api/_generated.py", line 23501, in to_be_visible
    self._sync(
  File "/Users/arellakoo/Documents/DevOpsAss/backend/.venv/lib/python3.12/site-packages/playwright/_impl/_sync_base.py", line 115, in _sync
    return task.result()
           ^^^^^^^^^^^^^
  File "/Users/arellakoo/Documents/DevOpsAss/backend/.venv/lib/python3.12/site-packages/playwright/_impl/_assertions.py", line 852, in to_be_visible
    await self._expect_impl(
  File "/Users/arellakoo/Documents/DevOpsAss/backend/.venv/lib/python3.12/site-packages/playwright/_impl/_assertions.py", line 128, in _expect_impl
    _record_soft_or_raise(
  File "/Users/arellakoo/Documents/DevOpsAss/backend/.venv/lib/python3.12/site-packages/playwright/_impl/_assertions.py", line 60, in _record_soft_or_raise
    raise error
AssertionError: Locator expected to be visible
Actual value: None
Error: element(s) not found 
Call log:
  - Expect "to_be_visible" locator(".alert-danger").filter(has_text="The same checkout key is retained") with timeout 10000ms
  - waiting for locator(".alert-danger").filter(has_text="The same checkout key is retained")

Aria snapshot:
- navigation "Diner navigation":
  - text: SkipQ Diner — diner.one@skipq.test
  - link "Stalls":
    - /url: /diner/stalls
  - link "Cart":
    - /url: /diner/cart
  - link "My orders":
    - /url: /diner/orders
  - button "Sign out"
- main:
  - heading "Checkout" [level=2]
  - button "Refresh"
  - text: 1 × Mango Sago $2.50
  - separator
  - text: "Total:"
  - strong: $2.50
  - link "Edit cart":
    - /url: /diner/cart
  - alert: Payment was not completed. Your cart is unchanged; you can try again. You can retry this payment safely.
  - heading "Payment method (simulated)" [level=3]
  - radio "PayNow" [checked]
  - text: PayNow
  - radio "Card"
  - text: Card
  - radio "Cashless"
  - text: Cashless
  - checkbox "Simulate this payment failing (demo control)" [checked]
  - text: Simulate this payment failing (demo control)
  - button "Pay $2.50"

Exit code: 1
